// Jest Snapshot v1, https://goo.gl/fbAQLP

exports[`App component renders TodoApp correctly 1`] = `
<div>
  <Connect(AddTodo) />
  <Connect(TodoList) />
  <TodoFooter />
</div>
`;
