// Jest Snapshot v1, https://goo.gl/fbAQLP

exports[`AddTodoContainer component renders AddTodoContainer correctly 1`] = `
<AddTodo
  dispatch={[Function]}
/>
`;
